// Jest Snapshot v1, https://goo.gl/fbAQLP

exports[`ListItem shows the right item title 1`] = `
<div
  class="ListItem__Wrapper-xw4fk9-1 hGfRwN"
>
  <label>
    <input
      class="ListItem__BigCheckbox-xw4fk9-0 CeCUz"
      type="checkbox"
    />
    <span>
      Milk
    </span>
    <button
      class="ListItem__TrashButton-xw4fk9-2 fmmKOx"
    />
  </label>
</div>
`;
